# Final LLBC before serialization:

// Full name: core::marker::MetaSized
#[lang_item("meta_sized")]
pub trait MetaSized<Self>

// Full name: core::marker::Sized
#[lang_item("sized")]
pub trait Sized<Self>
{
    parent_clause0 : [@TraitClause0]: MetaSized<Self>
    non-dyn-compatible
}

// Full name: core::clone::Clone
#[lang_item("clone")]
pub trait Clone<Self>
{
    parent_clause0 : [@TraitClause0]: Sized<Self>
    fn clone<'_0> = clone<'_0_0, Self>[Self]
    non-dyn-compatible
}

// Full name: core::clone::Clone::clone
#[lang_item("clone_fn")]
pub fn clone<'_0, Self>(@1: &'_0 (Self)) -> Self
where
    [@TraitClause0]: Clone<Self>,

// Full name: core::cmp::PartialEq
#[lang_item("eq")]
pub trait PartialEq<Self, Rhs>
{
    fn eq<'_0, '_1> = core::cmp::PartialEq::eq<'_0_0, '_0_1, Self, Rhs>[Self]
    vtable: core::cmp::PartialEq::{vtable}<Rhs>
}

#[lang_item("cmp_partialeq_eq")]
pub fn core::cmp::PartialEq::eq<'_0, '_1, Self, Rhs>(@1: &'_0 (Self), @2: &'_1 (Rhs)) -> bool
where
    [@TraitClause0]: PartialEq<Self, Rhs>,

// Full name: core::cmp::Eq
#[lang_item("Eq")]
pub trait Eq<Self>
{
    parent_clause0 : [@TraitClause0]: PartialEq<Self, Self>
    non-dyn-compatible
}

// Full name: core::cmp::Ordering
#[lang_item("Ordering")]
pub enum Ordering {
  Less,
  Equal,
  Greater,
}

// Full name: core::option::Option
#[lang_item("Option")]
pub enum Option<T>
where
    [@TraitClause0]: Sized<T>,
{
  None,
  Some(T),
}

// Full name: core::cmp::PartialOrd
#[lang_item("partial_ord")]
pub trait PartialOrd<Self, Rhs>
{
    parent_clause0 : [@TraitClause0]: PartialEq<Self, Rhs>
    fn partial_cmp<'_0, '_1> = core::cmp::PartialOrd::partial_cmp<'_0_0, '_0_1, Self, Rhs>[Self]
    vtable: core::cmp::PartialOrd::{vtable}<Rhs>
}

// Full name: core::cmp::Ord
#[lang_item("Ord")]
pub trait Ord<Self>
{
    parent_clause0 : [@TraitClause0]: Eq<Self>
    parent_clause1 : [@TraitClause1]: PartialOrd<Self, Self>
    fn cmp<'_0, '_1> = core::cmp::Ord::cmp<'_0_0, '_0_1, Self>[Self]
    non-dyn-compatible
}

#[lang_item("ord_cmp_method")]
pub fn core::cmp::Ord::cmp<'_0, '_1, Self>(@1: &'_0 (Self), @2: &'_1 (Self)) -> Ordering
where
    [@TraitClause0]: Ord<Self>,

#[lang_item("cmp_partialord_cmp")]
pub fn core::cmp::PartialOrd::partial_cmp<'_0, '_1, Self, Rhs>(@1: &'_0 (Self), @2: &'_1 (Rhs)) -> Option<Ordering>[Sized<Ordering>]
where
    [@TraitClause0]: PartialOrd<Self, Rhs>,

// Full name: core::default::Default
#[lang_item("Default")]
pub trait Default<Self>
{
    parent_clause0 : [@TraitClause0]: Sized<Self>
    fn default = default<Self>[Self]
    non-dyn-compatible
}

// Full name: core::default::Default::default
#[lang_item("default_fn")]
pub fn default<Self>() -> Self
where
    [@TraitClause0]: Default<Self>,

// Full name: core::iter::adapters::zip::TrustedRandomAccessNoCoerce
pub trait TrustedRandomAccessNoCoerce<Self>
{
    parent_clause0 : [@TraitClause0]: Sized<Self>
    const MAY_HAVE_SIDE_EFFECT : bool
    non-dyn-compatible
}

// Full name: core::iter::traits::iterator::Iterator
#[lang_item("iterator")]
pub trait Iterator<Self>
{
    parent_clause0 : [@TraitClause0]: MetaSized<Self>
    parent_clause1 : [@TraitClause1]: Sized<Self::Item>
    type Item
    fn next<'_0> = core::iter::traits::iterator::Iterator::next<'_0_0, Self>[Self]
    non-dyn-compatible
}

// Full name: core::iter::traits::accum::Sum
pub trait Sum<Self, A>
{
    parent_clause0 : [@TraitClause0]: Sized<Self>
    parent_clause1 : [@TraitClause1]: Sized<A>
    fn sum<I, [@TraitClause0]: Sized<I>, [@TraitClause1]: Iterator<I>, @TraitClause1_1::Item = A> = core::iter::traits::accum::Sum::sum<Self, A, I>[Self, @TraitClause0_0, @TraitClause0_1]
    non-dyn-compatible
}

pub fn core::iter::traits::accum::Sum::sum<Self, A, I>(@1: I) -> Self
where
    [@TraitClause0]: Sum<Self, A>,
    [@TraitClause1]: Sized<I>,
    [@TraitClause2]: Iterator<I>,
    @TraitClause2::Item = A,

// Full name: core::iter::traits::accum::Product
pub trait Product<Self, A>
{
    parent_clause0 : [@TraitClause0]: Sized<Self>
    parent_clause1 : [@TraitClause1]: Sized<A>
    fn product<I, [@TraitClause0]: Sized<I>, [@TraitClause1]: Iterator<I>, @TraitClause1_1::Item = A> = core::iter::traits::accum::Product::product<Self, A, I>[Self, @TraitClause0_0, @TraitClause0_1]
    non-dyn-compatible
}

pub fn core::iter::traits::accum::Product::product<Self, A, I>(@1: I) -> Self
where
    [@TraitClause0]: Product<Self, A>,
    [@TraitClause1]: Sized<I>,
    [@TraitClause2]: Iterator<I>,
    @TraitClause2::Item = A,

// Full name: core::iter::traits::collect::IntoIterator
#[lang_item("IntoIterator")]
pub trait IntoIterator<Self>
where
    Self::parent_clause3::Item = Self::Item,
{
    parent_clause0 : [@TraitClause0]: MetaSized<Self>
    parent_clause1 : [@TraitClause1]: Sized<Self::Item>
    parent_clause2 : [@TraitClause2]: Sized<Self::IntoIter>
    parent_clause3 : [@TraitClause3]: Iterator<Self::IntoIter>
    type Item
    type IntoIter
    fn into_iter = into_iter<Self>[Self]
    non-dyn-compatible
}

// Full name: core::iter::traits::collect::FromIterator
#[lang_item("FromIterator")]
pub trait FromIterator<Self, A>
{
    parent_clause0 : [@TraitClause0]: Sized<Self>
    parent_clause1 : [@TraitClause1]: Sized<A>
    fn from_iter<T, [@TraitClause0]: Sized<T>, [@TraitClause1]: IntoIterator<T>, @TraitClause1_1::Item = A> = from_iter<Self, A, T>[Self, @TraitClause0_0, @TraitClause0_1]
    non-dyn-compatible
}

// Full name: core::iter::traits::collect::FromIterator::from_iter
#[lang_item("from_iter_fn")]
pub fn from_iter<Self, A, T>(@1: T) -> Self
where
    [@TraitClause0]: FromIterator<Self, A>,
    [@TraitClause1]: Sized<T>,
    [@TraitClause2]: IntoIterator<T>,
    @TraitClause2::Item = A,

// Full name: core::iter::traits::collect::IntoIterator::into_iter
#[lang_item("into_iter")]
pub fn into_iter<Self>(@1: Self) -> @TraitClause0::IntoIter
where
    [@TraitClause0]: IntoIterator<Self>,

// Full name: core::iter::traits::collect::Extend
pub trait Extend<Self, A>
{
    parent_clause0 : [@TraitClause0]: MetaSized<Self>
    parent_clause1 : [@TraitClause1]: Sized<A>
    fn extend<'_0, T, [@TraitClause0]: Sized<T>, [@TraitClause1]: IntoIterator<T>, @TraitClause1_1::Item = A> = extend<'_0_0, Self, A, T>[Self, @TraitClause0_0, @TraitClause0_1]
    non-dyn-compatible
}

// Full name: core::iter::traits::collect::Extend::extend
pub fn extend<'_0, Self, A, T>(@1: &'_0 mut (Self), @2: T)
where
    [@TraitClause0]: Extend<Self, A>,
    [@TraitClause1]: Sized<T>,
    [@TraitClause2]: IntoIterator<T>,
    @TraitClause2::Item = A,

// Full name: core::iter::traits::double_ended::DoubleEndedIterator
#[lang_item("DoubleEndedIterator")]
pub trait DoubleEndedIterator<Self>
{
    parent_clause0 : [@TraitClause0]: MetaSized<Self>
    parent_clause1 : [@TraitClause1]: Iterator<Self>
    fn next_back<'_0> = next_back<'_0_0, Self>[Self]
    non-dyn-compatible
}

// Full name: core::iter::traits::double_ended::DoubleEndedIterator::next_back
pub fn next_back<'_0, Self>(@1: &'_0 mut (Self)) -> Option<@TraitClause0::parent_clause1::Item>[@TraitClause0::parent_clause1::parent_clause1]
where
    [@TraitClause0]: DoubleEndedIterator<Self>,

// Full name: core::iter::traits::exact_size::ExactSizeIterator
pub trait ExactSizeIterator<Self>
{
    parent_clause0 : [@TraitClause0]: MetaSized<Self>
    parent_clause1 : [@TraitClause1]: Iterator<Self>
    non-dyn-compatible
}

#[lang_item("next")]
pub fn core::iter::traits::iterator::Iterator::next<'_0, Self>(@1: &'_0 mut (Self)) -> Option<@TraitClause0::Item>[@TraitClause0::parent_clause1]
where
    [@TraitClause0]: Iterator<Self>,

// Full name: core::marker::Copy
#[lang_item("copy")]
pub trait Copy<Self>
{
    parent_clause0 : [@TraitClause0]: MetaSized<Self>
    parent_clause1 : [@TraitClause1]: Clone<Self>
    non-dyn-compatible
}

// Full name: core::marker::Destruct
#[lang_item("destruct")]
pub trait Destruct<Self>
{
    parent_clause0 : [@TraitClause0]: MetaSized<Self>
    vtable: core::marker::Destruct::{vtable}
}

// Full name: core::marker::Tuple
#[lang_item("tuple_trait")]
pub trait Tuple<Self>
{
    parent_clause0 : [@TraitClause0]: MetaSized<Self>
    vtable: core::marker::Tuple::{vtable}
}

// Full name: core::ops::control_flow::ControlFlow
#[lang_item("ControlFlow")]
pub enum ControlFlow<B, C>
where
    [@TraitClause0]: Sized<B>,
    [@TraitClause1]: Sized<C>,
{
  Continue(C),
  Break(B),
}

// Full name: core::ops::function::FnOnce
#[lang_item("fn_once")]
pub trait FnOnce<Self, Args>
{
    parent_clause0 : [@TraitClause0]: MetaSized<Self>
    parent_clause1 : [@TraitClause1]: Sized<Args>
    parent_clause2 : [@TraitClause2]: Tuple<Args>
    parent_clause3 : [@TraitClause3]: Sized<Self::Output>
    type Output
    fn call_once = call_once<Self, Args>[Self]
    non-dyn-compatible
}

// Full name: core::ops::function::FnMut
#[lang_item("fn_mut")]
pub trait FnMut<Self, Args>
{
    parent_clause0 : [@TraitClause0]: MetaSized<Self>
    parent_clause1 : [@TraitClause1]: FnOnce<Self, Args>
    parent_clause2 : [@TraitClause2]: Sized<Args>
    parent_clause3 : [@TraitClause3]: Tuple<Args>
    fn call_mut<'_0> = call_mut<'_0_0, Self, Args>[Self]
    non-dyn-compatible
}

// Full name: core::ops::function::FnMut::call_mut
pub fn call_mut<'_0, Self, Args>(@1: &'_0 mut (Self), @2: Args) -> @TraitClause0::parent_clause1::Output
where
    [@TraitClause0]: FnMut<Self, Args>,

// Full name: core::ops::function::FnOnce::call_once
pub fn call_once<Self, Args>(@1: Self, @2: Args) -> @TraitClause0::Output
where
    [@TraitClause0]: FnOnce<Self, Args>,

// Full name: core::ops::try_trait::FromResidual
#[lang_item("FromResidual")]
pub trait FromResidual<Self, R>
{
    parent_clause0 : [@TraitClause0]: MetaSized<Self>
    parent_clause1 : [@TraitClause1]: Sized<R>
    fn from_residual = from_residual<Self, R>[Self]
    non-dyn-compatible
}

// Full name: core::ops::try_trait::Try
#[lang_item("Try")]
pub trait Try<Self>
{
    parent_clause0 : [@TraitClause0]: MetaSized<Self>
    parent_clause1 : [@TraitClause1]: FromResidual<Self, Self::Residual>
    parent_clause2 : [@TraitClause2]: Sized<Self::Output>
    parent_clause3 : [@TraitClause3]: Sized<Self::Residual>
    type Output
    type Residual
    fn from_output = from_output<Self>[Self]
    fn branch = branch<Self>[Self]
    non-dyn-compatible
}

// Full name: core::ops::try_trait::Try::from_output
#[lang_item("from_output")]
pub fn from_output<Self>(@1: @TraitClause0::Output) -> Self
where
    [@TraitClause0]: Try<Self>,

// Full name: core::ops::try_trait::Try::branch
#[lang_item("branch")]
pub fn branch<Self>(@1: Self) -> ControlFlow<@TraitClause0::Residual, @TraitClause0::Output>[@TraitClause0::parent_clause1::parent_clause1, @TraitClause0::parent_clause2]
where
    [@TraitClause0]: Try<Self>,

// Full name: core::ops::try_trait::FromResidual::from_residual
#[lang_item("from_residual")]
pub fn from_residual<Self, R>(@1: R) -> Self
where
    [@TraitClause0]: FromResidual<Self, R>,

// Full name: core::ops::try_trait::Residual
pub trait Residual<Self, O>
where
    Self::parent_clause3::Output = O,
    Self::parent_clause3::Residual = Self,
{
    parent_clause0 : [@TraitClause0]: MetaSized<Self>
    parent_clause1 : [@TraitClause1]: Sized<O>
    parent_clause2 : [@TraitClause2]: Sized<Self::TryType>
    parent_clause3 : [@TraitClause3]: Try<Self::TryType>
    type TryType
    non-dyn-compatible
}

// Full name: core::slice::iter::Iter
#[lang_item("SliceIter")]
pub opaque type Iter<'a, T>
where
    [@TraitClause0]: Sized<T>,
    T : 'a,
    T : 'a,

// Full name: core::slice::iter::{impl Iterator for Iter<'a, T>[@TraitClause0]}::next
pub fn {impl Iterator for Iter<'a, T>[@TraitClause0]}::next<'a, '_1, T>(@1: &'_1 mut (Iter<'a, T>[@TraitClause0])) -> Option<&'a (T)>[Sized<&'_ (T)>]
where
    [@TraitClause0]: Sized<T>,

// Full name: core::slice::iter::{impl Iterator for Iter<'a, T>[@TraitClause0]}
impl<'a, T> Iterator for Iter<'a, T>[@TraitClause0]
where
    [@TraitClause0]: Sized<T>,
{
    parent_clause0 = MetaSized<Iter<'_, T>[@TraitClause0]>
    parent_clause1 = Sized<&'_ (T)>
    type Item = &'a (T)
    fn next<'_0> = {impl Iterator for Iter<'a, T>[@TraitClause0]}::next<'a, '_0_0, T>[@TraitClause0]
    non-dyn-compatible
}

// Full name: core::slice::{Slice<T>}::iter
#[lang_item("slice_iter")]
pub fn iter<'_0, T>(@1: &'_0 (Slice<T>)) -> Iter<'_0, T>[@TraitClause0]
where
    [@TraitClause0]: Sized<T>,

// Full name: test_crate::main
fn main()
{
    let @0: (); // return
    let slice@1: &'_ (Slice<i32>); // local
    let @2: &'_ (Array<i32, 1 : usize>); // anonymous local
    let @3: &'_ (Array<i32, 1 : usize>); // anonymous local
    let @4: Array<i32, 1 : usize>; // anonymous local
    let @5: Option<&'_ (i32)>[Sized<&'_ (i32)>]; // anonymous local
    let @6: &'_ mut (Iter<'_, i32>[Sized<i32>]); // anonymous local
    let @7: Iter<'_, i32>[Sized<i32>]; // anonymous local
    let @8: &'_ (Slice<i32>); // anonymous local

    storage_live(slice@1)
    storage_live(@2)
    storage_live(@3)
    storage_live(@4)
    @4 := [const (0 : i32)]
    @3 := &@4
    @2 := &*(@3)
    slice@1 := @ArrayToSliceShared<'_, i32, 1 : usize>(move (@2))
    storage_dead(@2)
    storage_dead(@3)
    storage_live(@5)
    storage_live(@6)
    storage_live(@7)
    storage_live(@8)
    @8 := &*(slice@1)
    @7 := iter<'_, i32>[Sized<i32>](move (@8))
    @6 := &two-phase-mut @7
    storage_dead(@8)
    @5 := {impl Iterator for Iter<'a, T>[@TraitClause0]}::next<'_, '_, i32>[Sized<i32>](move (@6))
    storage_dead(@6)
    storage_dead(@7)
    storage_dead(@5)
    @0 := ()
    storage_dead(@4)
    storage_dead(slice@1)
    @0 := ()
    return
}



