# Final LLBC before serialization:

fn UNIT_METADATA()
{
    let @0: (); // return

    @0 := ()
    return
}

const UNIT_METADATA: () = @Fun0()

// Full name: test_crate::main
fn main()
{
    let @0: (); // return
    let @1: i32; // anonymous local
    let @2: i32; // anonymous local

    storage_live(@2)
    @0 := ()
    storage_live(@1)
    @2 := const (1 : i32) panic.+ const (2 : i32)
    @1 := move (@2)
    storage_dead(@1)
    @0 := ()
    return
}



