# Final LLBC before serialization:

// Full name: core::marker::MetaSized
#[lang_item("meta_sized")]
pub trait MetaSized<Self>

// Full name: core::marker::Sized
#[lang_item("sized")]
pub trait Sized<Self>
{
    parent_clause0 : [@TraitClause0]: MetaSized<Self>
    non-dyn-compatible
}

// Full name: core::marker::Tuple
#[lang_item("tuple_trait")]
pub trait Tuple<Self>
{
    parent_clause0 : [@TraitClause0]: MetaSized<Self>
    vtable: core::marker::Tuple::{vtable}
}

#[lang_item("mem_drop")]
pub fn core::mem::drop<T>(@1: T)
where
    [@TraitClause0]: Sized<T>,

// Full name: core::ops::drop::Drop
#[lang_item("drop")]
pub trait Drop<Self>
{
    parent_clause0 : [@TraitClause0]: MetaSized<Self>
    fn drop<'_0> = core::ops::drop::Drop::drop<'_0_0, Self>[Self]
    vtable: core::ops::drop::Drop::{vtable}
}

pub fn core::ops::drop::Drop::drop<'_0, Self>(@1: &'_0 mut (Self))
where
    [@TraitClause0]: Drop<Self>,

// Full name: core::ops::function::FnOnce
#[lang_item("fn_once")]
pub trait FnOnce<Self, Args>
{
    parent_clause0 : [@TraitClause0]: MetaSized<Self>
    parent_clause1 : [@TraitClause1]: Sized<Args>
    parent_clause2 : [@TraitClause2]: Tuple<Args>
    parent_clause3 : [@TraitClause3]: Sized<Self::Output>
    type Output
    fn call_once = core::ops::function::FnOnce::call_once<Self, Args>[Self]
    non-dyn-compatible
}

pub fn core::ops::function::FnOnce::call_once<Self, Args>(@1: Self, @2: Args) -> @TraitClause0::Output
where
    [@TraitClause0]: FnOnce<Self, Args>,

// Full name: test_crate::apply_to_zero_once
fn apply_to_zero_once<impl FnOnce(u8) -> u8>(@1: impl FnOnce(u8) -> u8) -> u8
where
    [@TraitClause0]: Sized<impl FnOnce(u8) -> u8>,
    [@TraitClause1]: FnOnce<impl FnOnce(u8) -> u8, (u8)>,
    @TraitClause1::Output = u8,
{
    let @0: u8; // return
    let f@1: impl FnOnce(u8) -> u8; // arg #1
    let @2: impl FnOnce(u8) -> u8; // anonymous local
    let @3: (u8); // anonymous local

    storage_live(@2)
    @2 := move (f@1)
    storage_live(@3)
    @3 := (const (0 : u8))
    @0 := @TraitClause1::call_once(move (@2), move (@3))
    storage_dead(@3)
    storage_dead(@2)
    drop[Drop<impl FnOnce(u8) -> u8>] f@1
    return
}

// Full name: test_crate::NotCopy
struct NotCopy {}

// Full name: test_crate::main::closure
struct closure {
  NotCopy,
}

// Full name: test_crate::main::{impl FnOnce<(u8)> for closure}::call_once
fn {impl FnOnce<(u8)> for closure}::call_once(@1: closure, @2: (u8)) -> u8
{
    let @0: u8; // return
    let @1: closure; // arg #1
    let tupled_args@2: (u8); // arg #2
    let x@3: u8; // local
    let @4: (); // anonymous local
    let @5: NotCopy; // anonymous local
    let @6: u8; // anonymous local
    let @7: u8; // anonymous local

    storage_live(x@3)
    storage_live(@7)
    x@3 := move ((tupled_args@2).0)
    storage_live(@4)
    storage_live(@5)
    @5 := move ((@1).0)
    @4 := core::mem::drop<NotCopy>[Sized<NotCopy>](move (@5))
    storage_dead(@5)
    storage_dead(@4)
    storage_live(@6)
    @6 := copy (x@3)
    @7 := copy (@6) panic.+ const (1 : u8)
    @0 := move (@7)
    storage_dead(@6)
    return
}

// Full name: test_crate::main::{impl FnOnce<(u8)> for closure}
impl FnOnce<(u8)> for closure {
    parent_clause0 = MetaSized<closure>
    parent_clause1 = Sized<(u8)>
    parent_clause2 = Tuple<(u8)>
    parent_clause3 = Sized<u8>
    type Output = u8
    fn call_once = {impl FnOnce<(u8)> for closure}::call_once
    non-dyn-compatible
}

// Full name: test_crate::main
fn main()
{
    let @0: (); // return
    let z@1: NotCopy; // local
    let @2: u8; // anonymous local
    let @3: closure; // anonymous local

    storage_live(z@1)
    z@1 := NotCopy {  }
    storage_live(@2)
    storage_live(@3)
    @3 := closure { 0: move (z@1) }
    @2 := apply_to_zero_once<closure>[Sized<closure>, {impl FnOnce<(u8)> for closure}](move (@3))
    storage_dead(@3)
    storage_dead(@2)
    @0 := ()
    storage_dead(z@1)
    @0 := ()
    return
}



