# Final LLBC before serialization:

// Full name: core::marker::MetaSized
#[lang_item("meta_sized")]
pub trait MetaSized<Self>

// Full name: core::marker::Sized
#[lang_item("sized")]
pub trait Sized<Self>
{
    parent_clause0 : [@TraitClause0]: MetaSized<Self>
    non-dyn-compatible
}

// Full name: core::marker::Tuple
#[lang_item("tuple_trait")]
pub trait Tuple<Self>
{
    parent_clause0 : [@TraitClause0]: MetaSized<Self>
    vtable: core::marker::Tuple::{vtable}
}

// Full name: core::ops::drop::Drop
#[lang_item("drop")]
pub trait Drop<Self>
{
    parent_clause0 : [@TraitClause0]: MetaSized<Self>
    fn drop<'_0> = drop<'_0_0, Self>[Self]
    vtable: core::ops::drop::Drop::{vtable}
}

// Full name: core::ops::drop::Drop::drop
pub fn drop<'_0, Self>(@1: &'_0 mut (Self))
where
    [@TraitClause0]: Drop<Self>,

// Full name: core::ops::function::FnOnce
#[lang_item("fn_once")]
pub trait FnOnce<Self, Args>
{
    parent_clause0 : [@TraitClause0]: MetaSized<Self>
    parent_clause1 : [@TraitClause1]: Sized<Args>
    parent_clause2 : [@TraitClause2]: Tuple<Args>
    parent_clause3 : [@TraitClause3]: Sized<Self::Output>
    type Output
    fn call_once = core::ops::function::FnOnce::call_once<Self, Args>[Self]
    non-dyn-compatible
}

// Full name: core::ops::function::FnMut
#[lang_item("fn_mut")]
pub trait FnMut<Self, Args>
{
    parent_clause0 : [@TraitClause0]: MetaSized<Self>
    parent_clause1 : [@TraitClause1]: FnOnce<Self, Args>
    parent_clause2 : [@TraitClause2]: Sized<Args>
    parent_clause3 : [@TraitClause3]: Tuple<Args>
    fn call_mut<'_0> = core::ops::function::FnMut::call_mut<'_0_0, Self, Args>[Self]
    non-dyn-compatible
}

// Full name: core::ops::function::Fn
#[lang_item("r#fn")]
pub trait Fn<Self, Args>
{
    parent_clause0 : [@TraitClause0]: MetaSized<Self>
    parent_clause1 : [@TraitClause1]: FnMut<Self, Args>
    parent_clause2 : [@TraitClause2]: Sized<Args>
    parent_clause3 : [@TraitClause3]: Tuple<Args>
    fn call<'_0> = core::ops::function::Fn::call<'_0_0, Self, Args>[Self]
    non-dyn-compatible
}

pub fn core::ops::function::Fn::call<'_0, Self, Args>(@1: &'_0 (Self), @2: Args) -> @TraitClause0::parent_clause1::parent_clause1::Output
where
    [@TraitClause0]: Fn<Self, Args>,

pub fn core::ops::function::FnMut::call_mut<'_0, Self, Args>(@1: &'_0 mut (Self), @2: Args) -> @TraitClause0::parent_clause1::Output
where
    [@TraitClause0]: FnMut<Self, Args>,

pub fn core::ops::function::FnOnce::call_once<Self, Args>(@1: Self, @2: Args) -> @TraitClause0::Output
where
    [@TraitClause0]: FnOnce<Self, Args>,

// Full name: test_crate::foo::closure
struct closure {}

// Full name: test_crate::foo
pub fn foo() -> &'static (closure)
{
    let @0: &'_ (closure); // return
    let @1: &'_ (closure); // anonymous local
    let @2: &'_ (closure); // anonymous local
    let @3: &'_ (closure); // anonymous local
    let @4: &'_ (closure); // anonymous local
    let @5: closure; // anonymous local

    storage_live(@3)
    storage_live(@4)
    storage_live(@5)
    @5 := closure {  }
    @4 := &@5
    storage_live(@1)
    storage_live(@2)
    @3 := move (@4)
    @2 := &*(@3)
    @1 := &*(@2)
    @0 := &*(@1)
    storage_dead(@2)
    storage_dead(@1)
    return
}

// Full name: test_crate::foo::{impl Fn<(u32)> for closure}::call
fn {impl Fn<(u32)> for closure}::call<'_0>(@1: &'_0 (closure), @2: (u32)) -> u32
{
    let @0: u32; // return
    let @1: &'_ (closure); // arg #1
    let tupled_args@2: (u32); // arg #2
    let x@3: u32; // local

    storage_live(x@3)
    x@3 := move ((tupled_args@2).0)
    @0 := copy (x@3)
    return
}

// Full name: test_crate::foo::{impl FnMut<(u32)> for closure}::call_mut
fn {impl FnMut<(u32)> for closure}::call_mut<'_0>(@1: &'_0 mut (closure), @2: (u32)) -> u32
{
    let @0: u32; // return
    let state@1: &'_0 mut (closure); // arg #1
    let args@2: (u32); // arg #2
    let @3: &'_ (closure); // anonymous local

    storage_live(@3)
    @3 := &*(state@1)
    @0 := {impl Fn<(u32)> for closure}::call<'_>(move (@3), move (args@2))
    return
}

// Full name: test_crate::foo::{impl FnOnce<(u32)> for closure}::call_once
fn {impl FnOnce<(u32)> for closure}::call_once(@1: closure, @2: (u32)) -> u32
{
    let @0: u32; // return
    let @1: closure; // arg #1
    let @2: (u32); // arg #2
    let @3: &'_ mut (closure); // anonymous local

    storage_live(@3)
    @3 := &mut @1
    @0 := {impl FnMut<(u32)> for closure}::call_mut<'_>(move (@3), move (@2))
    drop[Drop<closure>] @1
    return
}

// Full name: test_crate::foo::{impl FnOnce<(u32)> for closure}
impl FnOnce<(u32)> for closure {
    parent_clause0 = MetaSized<closure>
    parent_clause1 = Sized<(u32)>
    parent_clause2 = Tuple<(u32)>
    parent_clause3 = Sized<u32>
    type Output = u32
    fn call_once = {impl FnOnce<(u32)> for closure}::call_once
    non-dyn-compatible
}

// Full name: test_crate::foo::{impl FnMut<(u32)> for closure}
impl FnMut<(u32)> for closure {
    parent_clause0 = MetaSized<closure>
    parent_clause1 = {impl FnOnce<(u32)> for closure}
    parent_clause2 = Sized<(u32)>
    parent_clause3 = Tuple<(u32)>
    fn call_mut<'_0> = {impl FnMut<(u32)> for closure}::call_mut<'_0_0>
    non-dyn-compatible
}

// Full name: test_crate::foo::{impl Fn<(u32)> for closure}
impl Fn<(u32)> for closure {
    parent_clause0 = MetaSized<closure>
    parent_clause1 = {impl FnMut<(u32)> for closure}
    parent_clause2 = Sized<(u32)>
    parent_clause3 = Tuple<(u32)>
    fn call<'_0> = {impl Fn<(u32)> for closure}::call<'_0_0>
    non-dyn-compatible
}



